limbo
god
medienne
forest
anthill
chiiron
catt
crypt
boncaves
mines
mountain
footcave
elftown
wharf
dark_castle
chase
monastery
amon
blnk136
voaleth
blank2
blank3
blank4
blank5
waterfall
blank7
dwarf1
dwarf2
dwarf3
dwarf4
dwarf5
dwarf6
dwarf7
dwarf8
blank9
blank10
blank11
blank12
blank13
blank14
dwarf_renagade
blank17
blank18
blank19
orlum
blank21
blank22
blank23
dragonspire
blank25
trollwarrens
blank27
blank28
desertroad
narak
pennarak
blank32
blank33
blank34
catacombs
voalethcave
blank38
blackhills
blank40
blank41
blank42
blank43
blank44
blank45
darkcitadel
blank47
arndchiiron
blank49
blank50
blank51
blank52
blank53
bitterpool
blank55
narakdesert
desertnarak
blank58
blank59
fireants
blank61
blank62
blank63
blank64
blnk142
blank66
blank67
IguanaL
blank69
blank70
blank71
gremlins
tombharandda
blank74
blank75
blank76
blank77
blank78
blank79
desertcanyon
blank81
mangits
blank83
blank84
blank85
elfvillage
blank87
blank88
brithbarad
blank89
blank90
blank91
ethertower
efreets
therift
blank96
blank97
snowplain
blank99
blnk100
westplains
blnk102
blnk103
blnk104
gloryhole
theatre
blnk107
blnk108
blnk109
blnk110
blnk111
orl
blnk113
blnk114
blnk115
blnk116
blnk117
blnk118
blnk119
blnk120
blnk121
blnk122
blnk123
blnk124
blnk125
dest
blnk127
blnk128
blnk129
blnk130
blnk131
blnk132
blnk133
blnk134
stoneg
blnk137
blnk138
blnk139
beaver
blnk141
blnk143
blnk144
blnk145
blnk146
blnk147
blnk148
blnk149
blnk150
blnk151
blnk152
blnk153
blnk154
blnk155
blnk156
blnk157
blnk158
blnk159
blnk160
blnk161
blnk162
$

